[ 2279185ms] [WARNING] Error with Permissions-Policy header: Unrecognized feature: 'ambient-light-sensor'. @ :0
[ 2279185ms] [WARNING] Error with Permissions-Policy header: Unrecognized feature: 'battery'. @ :0
[ 2279185ms] [WARNING] Error with Permissions-Policy header: Unrecognized feature: 'document-domain'. @ :0
[ 2279185ms] [WARNING] Error with Permissions-Policy header: Unrecognized feature: 'execution-while-not-rendered'. @ :0
[ 2279185ms] [WARNING] Error with Permissions-Policy header: Unrecognized feature: 'execution-while-out-of-viewport'. @ :0
[ 2279186ms] [WARNING] Error with Permissions-Policy header: Unrecognized feature: 'speaker-selection'. @ :0
[ 2279186ms] [WARNING] Error with Permissions-Policy header: Unrecognized feature: 'web-share'. @ :0
[ 2289537ms] [WARNING] Error with Permissions-Policy header: Unrecognized feature: 'ambient-light-sensor'. @ :0
[ 2289538ms] [WARNING] Error with Permissions-Policy header: Unrecognized feature: 'battery'. @ :0
[ 2289538ms] [WARNING] Error with Permissions-Policy header: Unrecognized feature: 'document-domain'. @ :0
[ 2289538ms] [WARNING] Error with Permissions-Policy header: Unrecognized feature: 'execution-while-not-rendered'. @ :0
[ 2289538ms] [WARNING] Error with Permissions-Policy header: Unrecognized feature: 'execution-while-out-of-viewport'. @ :0
[ 2289538ms] [WARNING] Error with Permissions-Policy header: Unrecognized feature: 'speaker-selection'. @ :0
[ 2289538ms] [WARNING] Error with Permissions-Policy header: Unrecognized feature: 'web-share'. @ :0
[ 2347988ms] [WARNING] Error with Permissions-Policy header: Unrecognized feature: 'ambient-light-sensor'. @ :0
[ 2347988ms] [WARNING] Error with Permissions-Policy header: Unrecognized feature: 'battery'. @ :0
[ 2347988ms] [WARNING] Error with Permissions-Policy header: Unrecognized feature: 'document-domain'. @ :0
[ 2347988ms] [WARNING] Error with Permissions-Policy header: Unrecognized feature: 'execution-while-not-rendered'. @ :0
[ 2347988ms] [WARNING] Error with Permissions-Policy header: Unrecognized feature: 'execution-while-out-of-viewport'. @ :0
[ 2347988ms] [WARNING] Error with Permissions-Policy header: Unrecognized feature: 'speaker-selection'. @ :0
[ 2347988ms] [WARNING] Error with Permissions-Policy header: Unrecognized feature: 'web-share'. @ :0
[ 2349557ms] [WARNING] Error with Permissions-Policy header: Unrecognized feature: 'ambient-light-sensor'. @ :0
[ 2349557ms] [WARNING] Error with Permissions-Policy header: Unrecognized feature: 'battery'. @ :0
[ 2349558ms] [WARNING] Error with Permissions-Policy header: Unrecognized feature: 'document-domain'. @ :0
[ 2349558ms] [WARNING] Error with Permissions-Policy header: Unrecognized feature: 'execution-while-not-rendered'. @ :0
[ 2349558ms] [WARNING] Error with Permissions-Policy header: Unrecognized feature: 'execution-while-out-of-viewport'. @ :0
[ 2349558ms] [WARNING] Error with Permissions-Policy header: Unrecognized feature: 'speaker-selection'. @ :0
[ 2349558ms] [WARNING] Error with Permissions-Policy header: Unrecognized feature: 'web-share'. @ :0
[ 2360925ms] [WARNING] Error with Permissions-Policy header: Unrecognized feature: 'ambient-light-sensor'. @ :0
[ 2360925ms] [WARNING] Error with Permissions-Policy header: Unrecognized feature: 'battery'. @ :0
[ 2360925ms] [WARNING] Error with Permissions-Policy header: Unrecognized feature: 'document-domain'. @ :0
[ 2360925ms] [WARNING] Error with Permissions-Policy header: Unrecognized feature: 'execution-while-not-rendered'. @ :0
[ 2360925ms] [WARNING] Error with Permissions-Policy header: Unrecognized feature: 'execution-while-out-of-viewport'. @ :0
[ 2360925ms] [WARNING] Error with Permissions-Policy header: Unrecognized feature: 'speaker-selection'. @ :0
[ 2360925ms] [WARNING] Error with Permissions-Policy header: Unrecognized feature: 'web-share'. @ :0
